projects/amazon-trend-analyzer/qb_chunks/page_553_skip553000.csv
ASIN Buyability Flag,asin_status,CVR%,revenue,asp,units,gv,Images #,Videos #,Has A+ Content,Buybox Winner,Average Rating,Number of Ratings,bb_price,Ad CTR%,Ad CVR%,bsr,brand,Ad CPC$,ASIN (Description),Update Type,Sold By Amazon,Has Coupon?,Has Store Link?,In Stock Today?,category,Sellable On Hand Units,asin,date,Ad Cost,Ad Sales,Ad Clicks,Ad Impressions,Ad Conversions
In Stock,ACTIVE,0.778,153.0,5.48,28.0,36.0,5.0,0.0,True,,4.3,463.0,5.48,0.0,,533.0,Dole,,"B0CTVGVN8M (Dole: Dog Chews, Assorted (Strawberry + Pineapple), 7.05oz [Carton Inner])",[],True,False,True,True,Treats & Chews,948.0,B0CTVGVN8M,2026-05-05,0.0,0.0,0.0,20.0,0.0
In Stock,ACTIVE,0.718,153.0,5.48,28.0,39.0,5.0,0.0,True,,4.3,463.0,5.48,0.0,,477.0,Dole,,"B0CTVGVN8M (Dole: Dog Chews, Assorted (Strawberry + Pineapple), 7.05oz [Carton Inner])",[],True,False,True,True,Treats & Chews,696.0,B0CTVGVN8M,2026-05-04,0.0,0.0,0.0,24.0,0.0
In Stock,ACTIVE,0.435,110.0,5.48,20.0,46.0,5.0,0.0,True,,4.3,463.0,5.48,0.0,,476.0,Dole,,"B0CTVGVN8M (Dole: Dog Chews, Assorted (Strawberry + Pineapple), 7.05oz [Carton Inner])",[],True,False,True,True,Treats & Chews,677.0,B0CTVGVN8M,2026-05-03,0.0,0.0,0.0,18.0,0.0
In Stock,ACTIVE,0.643,148.0,5.48,27.0,42.0,5.0,0.0,True,,4.3,463.0,5.48,0.0,,485.0,Dole,,"B0CTVGVN8M (Dole: Dog Chews, Assorted (Strawberry + Pineapple), 7.05oz [Carton Inner])",[],True,False,True,True,Treats & Chews,622.0,B0CTVGVN8M,2026-05-02,0.0,0.0,0.0,22.0,0.0
In Stock,ACTIVE,0.561,126.0,5.48,23.0,41.0,5.0,0.0,True,,4.3,463.0,5.48,0.0,,498.0,Dole,,"B0CTVGVN8M (Dole: Dog Chews, Assorted (Strawberry + Pineapple), 7.05oz [Carton Inner])",[],True,False,True,True,Treats & Chews,566.0,B0CTVGVN8M,2026-05-01,0.0,0.0,0.0,24.0,0.0
In Stock,ACTIVE,0.578,142.0,5.48,26.0,45.0,5.0,0.0,True,,4.3,462.0,5.48,0.0,,544.0,Dole,,"B0CTVGVN8M (Dole: Dog Chews, Assorted (Strawberry + Pineapple), 7.05oz [Carton Inner])",[],True,False,True,True,Treats & Chews,493.0,B0CTVGVN8M,2026-04-30,0.0,0.0,0.0,2.0,0.0
In Stock,ACTIVE,0.56,153.0,5.48,28.0,50.0,5.0,0.0,True,,4.3,462.0,5.48,0.0,,539.0,Dole,,"B0CTVGVN8M (Dole: Dog Chews, Assorted (Strawberry + Pineapple), 7.05oz [Carton Inner])",[],True,False,True,True,Treats & Chews,346.0,B0CTVGVN8M,2026-04-29,0.0,0.0,0.0,3.0,0.0
In Stock,ACTIVE,0.222,51.0,5.13,10.0,45.0,5.0,0.0,True,,4.3,462.0,5.48,0.0,,625.0,Dole,,"B0CTVGVN8M (Dole: Dog Chews, Assorted (Strawberry + Pineapple), 7.05oz [Carton Inner])",[],True,False,True,True,Treats & Chews,540.0,B0CTVGVN8M,2026-04-28,0.0,0.0,0.0,11.0,0.0
In Stock,ACTIVE,0.885,126.0,5.48,23.0,26.0,5.0,0.0,True,,4.3,462.0,6.48,0.0,,578.0,Dole,,"B0CTVGVN8M (Dole: Dog Chews, Assorted (Strawberry + Pineapple), 7.05oz [Carton Inner])",[],True,False,True,True,Treats & Chews,423.0,B0CTVGVN8M,2026-04-27,0.0,0.0,0.0,7.0,0.0
In Stock,ACTIVE,-0.063,-7.0,,-1.0,16.0,5.0,0.0,True,,4.3,462.0,6.48,0.0,,605.0,Dole,,"B0CTVGVN8M (Dole: Dog Chews, Assorted (Strawberry + Pineapple), 7.05oz [Carton Inner])",[],True,False,True,True,Treats & Chews,63.0,B0CTVGVN8M,2026-04-26,0.0,0.0,0.0,5.0,0.0
In Stock,ACTIVE,0.474,58.0,6.48,9.0,19.0,5.0,0.0,True,,4.3,461.0,6.48,0.0,,591.0,Dole,,"B0CTVGVN8M (Dole: Dog Chews, Assorted (Strawberry + Pineapple), 7.05oz [Carton Inner])",[],True,False,True,True,Treats & Chews,63.0,B0CTVGVN8M,2026-04-25,0.0,0.0,0.0,20.0,0.0
In Stock,ACTIVE,0.267,28.0,6.97,4.0,15.0,5.0,0.0,True,,4.3,461.0,6.97,0.0,,627.0,Dole,,"B0CTVGVN8M (Dole: Dog Chews, Assorted (Strawberry + Pineapple), 7.05oz [Carton Inner])",[],True,False,True,True,Treats & Chews,63.0,B0CTVGVN8M,2026-04-24,0.0,0.0,0.0,8.0,0.0
In Stock,ACTIVE,0.333,56.0,6.97,8.0,24.0,5.0,0.0,True,,4.3,461.0,6.97,0.0,,603.0,Dole,,"B0CTVGVN8M (Dole: Dog Chews, Assorted (Strawberry + Pineapple), 7.05oz [Carton Inner])",[],True,False,True,True,Treats & Chews,64.0,B0CTVGVN8M,2026-04-23,0.0,0.0,0.0,1.0,0.0
In Stock,ACTIVE,0.2,35.0,6.97,5.0,25.0,5.0,0.0,True,,4.2,460.0,6.97,0.07142857142857142,0.0,593.0,Dole,2.57,"B0CTVGVN8M (Dole: Dog Chews, Assorted (Strawberry + Pineapple), 7.05oz [Carton Inner])",[],True,False,True,True,Treats & Chews,63.0,B0CTVGVN8M,2026-04-22,2.57,0.0,1.0,14.0,0.0
In Stock,ACTIVE,0.211,28.0,6.97,4.0,19.0,5.0,0.0,True,,4.2,460.0,6.97,0.0,,570.0,Dole,,"B0CTVGVN8M (Dole: Dog Chews, Assorted (Strawberry + Pineapple), 7.05oz [Carton Inner])",[],True,False,True,True,Treats & Chews,65.0,B0CTVGVN8M,2026-04-21,0.0,0.0,0.0,7.0,0.0
In Stock,ACTIVE,0.16,28.0,6.97,4.0,25.0,5.0,0.0,True,,4.2,459.0,6.97,0.0,,542.0,Dole,,"B0CTVGVN8M (Dole: Dog Chews, Assorted (Strawberry + Pineapple), 7.05oz [Carton Inner])",[],True,False,True,True,Treats & Chews,65.0,B0CTVGVN8M,2026-04-20,0.0,0.0,0.0,11.0,0.0
In Stock,ACTIVE,0.375,84.0,6.97,12.0,32.0,5.0,0.0,True,,4.2,459.0,6.97,,,533.0,Dole,,"B0CTVGVN8M (Dole: Dog Chews, Assorted (Strawberry + Pineapple), 7.05oz [Carton Inner])",[],True,False,True,True,Treats & Chews,67.0,B0CTVGVN8M,2026-04-19,0.0,0.0,0.0,0.0,0.0
In Stock,ACTIVE,0.077,14.0,6.97,2.0,26.0,5.0,0.0,True,,4.2,459.0,6.97,,,602.0,Dole,,"B0CTVGVN8M (Dole: Dog Chews, Assorted (Strawberry + Pineapple), 7.05oz [Carton Inner])",[],True,False,True,True,Treats & Chews,74.0,B0CTVGVN8M,2026-04-18,0.0,0.0,0.0,0.0,0.0
In Stock,ACTIVE,0.258,56.0,6.97,8.0,31.0,5.0,0.0,True,,4.2,459.0,6.97,,,622.0,Dole,,"B0CTVGVN8M (Dole: Dog Chews, Assorted (Strawberry + Pineapple), 7.05oz [Carton Inner])",[],True,False,True,True,Treats & Chews,63.0,B0CTVGVN8M,2026-04-17,0.0,0.0,0.0,0.0,0.0
In Stock,ACTIVE,0.318,49.0,6.97,7.0,22.0,5.0,0.0,True,,4.2,459.0,6.97,,,600.0,Dole,,"B0CTVGVN8M (Dole: Dog Chews, Assorted (Strawberry + Pineapple), 7.05oz [Carton Inner])",[],True,False,True,True,Treats & Chews,55.0,B0CTVGVN8M,2026-04-16,0.0,0.0,0.0,0.0,0.0
In Stock,ACTIVE,0.4,56.0,6.97,8.0,20.0,5.0,0.0,True,,4.2,459.0,6.97,,,595.0,Dole,,"B0CTVGVN8M (Dole: Dog Chews, Assorted (Strawberry + Pineapple), 7.05oz [Carton Inner])",[],True,False,True,True,Treats & Chews,60.0,B0CTVGVN8M,2026-04-13,0.0,0.0,0.0,0.0,0.0
In Stock,ACTIVE,0.333,5.0,5.48,1.0,3.0,6.0,0.0,True,,4.3,597.0,5.48,,,643.0,Dole,,"B0CTVGVN8M (Dole: Dog Chews, Assorted (Strawberry + Pineapple), 7.05oz [Carton Inner])",[],True,False,True,True,Treats & Chews,86.0,B0CTVGVN8M,2026-01-03,,,,,
In Stock,ACTIVE,0.6,16.0,5.48,3.0,5.0,6.0,0.0,True,,4.3,431.0,5.48,,,651.0,Dole,,"B0CTVGVN8M (Dole: Dog Chews, Assorted (Strawberry + Pineapple), 7.05oz [Carton Inner])",[],True,False,True,True,Treats & Chews,151.0,B0CTVGVN8M,2025-12-11,,,,,
In Stock,ACTIVE,2.211,205.0,4.88,42.0,19.0,6.0,0.0,True,,4.3,487.0,4.88,,,421.0,Dole,,"B0CTVGVN8M (Dole: Dog Chews, Assorted (Strawberry + Pineapple), 7.05oz [Carton Inner])",[],True,False,True,True,Treats & Chews,3160.0,B0CTVGVN8M,2025-09-02,,,,,
In Stock,ACTIVE,1.188,276.0,4.84,57.0,48.0,6.0,0.0,True,,4.3,487.0,4.88,,,413.0,Dole,,"B0CTVGVN8M (Dole: Dog Chews, Assorted (Strawberry + Pineapple), 7.05oz [Carton Inner])",[],True,False,True,True,Treats & Chews,3644.0,B0CTVGVN8M,2025-09-01,,,,,
In Stock,ACTIVE,1.135,287.0,4.86,59.0,52.0,6.0,0.0,True,,4.3,485.0,4.88,,,425.0,Dole,,"B0CTVGVN8M (Dole: Dog Chews, Assorted (Strawberry + Pineapple), 7.05oz [Carton Inner])",[],True,False,True,True,Treats & Chews,4270.0,B0CTVGVN8M,2025-08-31,,,,,
In Stock,ACTIVE,1.0,278.0,4.88,57.0,57.0,6.0,0.0,True,,4.3,485.0,4.88,,,446.0,Dole,,"B0CTVGVN8M (Dole: Dog Chews, Assorted (Strawberry + Pineapple), 7.05oz [Carton Inner])",[],True,False,True,True,Treats & Chews,4352.0,B0CTVGVN8M,2025-08-29,,,,,
In Stock,ACTIVE,1.793,254.0,4.88,52.0,29.0,6.0,0.0,True,,4.3,484.0,4.88,,,442.0,Dole,,"B0CTVGVN8M (Dole: Dog Chews, Assorted (Strawberry + Pineapple), 7.05oz [Carton Inner])",[],True,False,True,True,Treats & Chews,4419.0,B0CTVGVN8M,2025-08-28,,,,,
In Stock,ACTIVE,1.306,231.0,4.91,47.0,36.0,6.0,0.0,True,,4.3,484.0,4.88,,,434.0,Dole,,"B0CTVGVN8M (Dole: Dog Chews, Assorted (Strawberry + Pineapple), 7.05oz [Carton Inner])",[],True,False,True,True,Treats & Chews,4473.0,B0CTVGVN8M,2025-08-27,,,,,
In Stock,ACTIVE,1.342,247.0,4.84,51.0,38.0,6.0,0.0,True,,4.3,484.0,4.88,,,426.0,Dole,,"B0CTVGVN8M (Dole: Dog Chews, Assorted (Strawberry + Pineapple), 7.05oz [Carton Inner])",[],True,False,True,True,Treats & Chews,4537.0,B0CTVGVN8M,2025-08-26,,,,,
In Stock,ACTIVE,0.927,189.0,4.97,38.0,41.0,6.0,0.0,True,,4.3,483.0,4.88,,,424.0,Dole,,"B0CTVGVN8M (Dole: Dog Chews, Assorted (Strawberry + Pineapple), 7.05oz [Carton Inner])",[],True,False,True,True,Treats & Chews,4551.0,B0CTVGVN8M,2025-08-25,,,,,
In Stock,ACTIVE,0.8909999999999999,278.0,4.88,57.0,64.0,6.0,0.0,True,,4.3,483.0,4.88,,,422.0,Dole,,"B0CTVGVN8M (Dole: Dog Chews, Assorted (Strawberry + Pineapple), 7.05oz [Carton Inner])",[],True,False,True,True,Treats & Chews,4574.0,B0CTVGVN8M,2025-08-24,,,,,
In Stock,ACTIVE,0.8440000000000001,182.0,4.79,38.0,45.0,6.0,0.0,True,,4.3,482.0,4.88,,,442.0,Dole,,"B0CTVGVN8M (Dole: Dog Chews, Assorted (Strawberry + Pineapple), 7.05oz [Carton Inner])",[],True,False,True,True,Treats & Chews,4591.0,B0CTVGVN8M,2025-08-23,,,,,
In Stock,ACTIVE,2.357,322.0,4.87,66.0,28.0,6.0,0.0,True,,4.3,492.0,4.88,,,429.0,Dole,,"B0CTVGVN8M (Dole: Dog Chews, Assorted (Strawberry + Pineapple), 7.05oz [Carton Inner])",[],True,False,True,True,Treats & Chews,4660.0,B0CTVGVN8M,2025-08-22,,,,,
In Stock,ACTIVE,1.333,232.0,4.83,48.0,36.0,6.0,0.0,True,,4.3,490.0,4.88,,,438.0,Dole,,"B0CTVGVN8M (Dole: Dog Chews, Assorted (Strawberry + Pineapple), 7.05oz [Carton Inner])",[],True,False,True,True,Treats & Chews,4730.0,B0CTVGVN8M,2025-08-21,0.0,0.0,0.0,0.0,0.0
In Stock,ACTIVE,1.568,337.0,4.88,69.0,44.0,6.0,0.0,True,,4.3,489.0,4.88,,,442.0,Dole,,"B0CTVGVN8M (Dole: Dog Chews, Assorted (Strawberry + Pineapple), 7.05oz [Carton Inner])",[],True,False,True,True,Treats & Chews,4886.0,B0CTVGVN8M,2025-08-20,0.0,0.0,0.0,0.0,0.0
In Stock,ACTIVE,1.647,268.0,4.78,56.0,34.0,6.0,0.0,True,,4.3,388.0,4.88,,,524.0,Dole,,"B0CTVGVN8M (Dole: Dog Chews, Assorted (Strawberry + Pineapple), 7.05oz [Carton Inner])",[],True,False,True,True,Treats & Chews,5016.0,B0CTVGVN8M,2025-08-19,0.0,0.0,0.0,0.0,0.0
In Stock,ACTIVE,1.842,175.0,4.99,35.0,19.0,6.0,0.0,True,,4.3,388.0,4.88,,,483.0,Dole,,"B0CTVGVN8M (Dole: Dog Chews, Assorted (Strawberry + Pineapple), 7.05oz [Carton Inner])",[],True,False,True,True,Treats & Chews,4956.0,B0CTVGVN8M,2025-08-18,,,,,
In Stock,ACTIVE,1.5,174.0,4.82,36.0,24.0,6.0,0.0,True,,4.3,386.0,4.88,,,505.0,Dole,,"B0CTVGVN8M (Dole: Dog Chews, Assorted (Strawberry + Pineapple), 7.05oz [Carton Inner])",[],True,False,True,True,Treats & Chews,4902.0,B0CTVGVN8M,2025-08-17,0.0,0.0,0.0,0.0,0.0
In Stock,ACTIVE,1.513,285.0,4.84,59.0,39.0,6.0,0.0,True,,4.3,385.0,4.88,,,488.0,Dole,,"B0CTVGVN8M (Dole: Dog Chews, Assorted (Strawberry + Pineapple), 7.05oz [Carton Inner])",[],True,False,True,True,Treats & Chews,4890.0,B0CTVGVN8M,2025-08-16,0.0,0.0,0.0,0.0,0.0
In Stock,ACTIVE,1.361,239.0,4.88,49.0,36.0,6.0,0.0,True,,4.3,384.0,4.88,,,527.0,Dole,,"B0CTVGVN8M (Dole: Dog Chews, Assorted (Strawberry + Pineapple), 7.05oz [Carton Inner])",[],True,False,True,True,Treats & Chews,4890.0,B0CTVGVN8M,2025-08-15,0.0,0.0,0.0,0.0,0.0
In Stock,ACTIVE,1.238,251.0,4.83,52.0,42.0,6.0,0.0,True,,4.3,384.0,4.88,,,531.0,Dole,,"B0CTVGVN8M (Dole: Dog Chews, Assorted (Strawberry + Pineapple), 7.05oz [Carton Inner])",[],True,False,True,True,Treats & Chews,4965.0,B0CTVGVN8M,2025-08-14,0.0,0.0,0.0,0.0,0.0
In Stock,ACTIVE,1.552,215.0,4.77,45.0,29.0,6.0,0.0,True,,4.3,384.0,4.88,,,510.0,Dole,,"B0CTVGVN8M (Dole: Dog Chews, Assorted (Strawberry + Pineapple), 7.05oz [Carton Inner])",[],True,False,True,True,Treats & Chews,5013.0,B0CTVGVN8M,2025-08-13,0.0,0.0,0.0,0.0,0.0
In Stock,ACTIVE,2.385,149.0,4.79,31.0,13.0,6.0,0.0,True,,4.3,382.0,4.88,,,523.0,Dole,,"B0CTVGVN8M (Dole: Dog Chews, Assorted (Strawberry + Pineapple), 7.05oz [Carton Inner])",[],True,False,True,True,Treats & Chews,5102.0,B0CTVGVN8M,2025-08-12,0.0,0.0,0.0,0.0,0.0
In Stock,ACTIVE,2.111,276.0,4.84,57.0,27.0,6.0,0.0,True,,4.3,379.0,4.88,,,489.0,Dole,,"B0CTVGVN8M (Dole: Dog Chews, Assorted (Strawberry + Pineapple), 7.05oz [Carton Inner])",[],True,False,True,True,Treats & Chews,5324.0,B0CTVGVN8M,2025-08-11,0.0,0.0,0.0,0.0,0.0
In Stock,ACTIVE,1.6,218.0,5.45,40.0,25.0,6.0,0.0,True,,4.2,371.0,5.48,,,476.0,Dole,,"B0CTVGVN8M (Dole: Dog Chews, Assorted (Strawberry + Pineapple), 7.05oz [Carton Inner])",[],True,False,True,True,Treats & Chews,4698.0,B0CTVGVN8M,2025-08-09,0.0,0.0,0.0,0.0,0.0
In Stock,ACTIVE,1.704,247.0,5.36,46.0,27.0,6.0,0.0,True,,4.2,361.0,5.48,,,454.0,Dole,,"B0CTVGVN8M (Dole: Dog Chews, Assorted (Strawberry + Pineapple), 7.05oz [Carton Inner])",[],True,False,True,True,Treats & Chews,4392.0,B0CTVGVN8M,2025-08-07,0.0,0.0,0.0,0.0,0.0
In Stock,ACTIVE,1.121,195.0,5.27,37.0,33.0,6.0,0.0,True,,4.2,358.0,5.48,,,399.0,Dole,,"B0CTVGVN8M (Dole: Dog Chews, Assorted (Strawberry + Pineapple), 7.05oz [Carton Inner])",[],True,False,True,True,Treats & Chews,4322.0,B0CTVGVN8M,2025-08-06,0.0,0.0,0.0,0.0,0.0
In Stock,ACTIVE,0.6829999999999999,149.0,5.32,28.0,41.0,6.0,0.0,True,,4.2,354.0,5.48,,,353.0,Dole,,"B0CTVGVN8M (Dole: Dog Chews, Assorted (Strawberry + Pineapple), 7.05oz [Carton Inner])",[],True,False,True,True,Treats & Chews,4246.0,B0CTVGVN8M,2025-08-05,0.0,0.0,0.0,0.0,0.0
In Stock,ACTIVE,0.627,281.0,5.39,52.0,83.0,6.0,0.0,True,,4.2,353.0,5.48,,,345.0,Dole,,"B0CTVGVN8M (Dole: Dog Chews, Assorted (Strawberry + Pineapple), 7.05oz [Carton Inner])",[],True,False,True,True,Treats & Chews,4234.0,B0CTVGVN8M,2025-08-04,0.0,0.0,0.0,0.0,0.0
In Stock,ACTIVE,0.659,491.0,5.39,91.0,138.0,6.0,0.0,True,,4.2,352.0,5.48,,,347.0,Dole,,"B0CTVGVN8M (Dole: Dog Chews, Assorted (Strawberry + Pineapple), 7.05oz [Carton Inner])",[],True,False,True,True,Treats & Chews,4343.0,B0CTVGVN8M,2025-08-03,0.0,0.0,0.0,0.0,0.0
In Stock,ACTIVE,0.621,478.0,5.49,87.0,140.0,6.0,0.0,True,,4.3,347.0,5.48,,,343.0,Dole,,"B0CTVGVN8M (Dole: Dog Chews, Assorted (Strawberry + Pineapple), 7.05oz [Carton Inner])",[],True,False,True,True,Treats & Chews,4418.0,B0CTVGVN8M,2025-08-02,0.0,0.0,0.0,0.0,0.0
In Stock,ACTIVE,0.506,499.0,5.48,91.0,180.0,6.0,0.0,True,,4.3,343.0,5.48,,,383.0,Dole,,"B0CTVGVN8M (Dole: Dog Chews, Assorted (Strawberry + Pineapple), 7.05oz [Carton Inner])",[],True,False,True,True,Treats & Chews,3876.0,B0CTVGVN8M,2025-08-01,0.0,0.0,0.0,0.0,0.0
In Stock,ACTIVE,0.866,629.0,5.42,116.0,134.0,12.0,0.0,True,,4.3,337.0,5.48,,,389.0,Dole,,"B0CTVGVN8M (Dole: Dog Chews, Assorted (Strawberry + Pineapple), 7.05oz [Carton Inner])",[],True,False,True,True,Treats & Chews,3966.0,B0CTVGVN8M,2025-07-31,0.0,0.0,0.0,0.0,0.0
In Stock,ACTIVE,0.532,409.0,5.53,74.0,139.0,6.0,0.0,True,,4.3,337.0,5.48,,,387.0,Dole,,"B0CTVGVN8M (Dole: Dog Chews, Assorted (Strawberry + Pineapple), 7.05oz [Carton Inner])",[],True,False,True,True,Treats & Chews,4048.0,B0CTVGVN8M,2025-07-30,0.0,0.0,0.0,0.0,0.0
In Stock,ACTIVE,0.8370000000000001,442.0,5.39,82.0,98.0,0.0,0.0,True,,4.3,336.0,5.48,,,367.0,Dole,,"B0CTVGVN8M (Dole: Dog Chews, Assorted (Strawberry + Pineapple), 7.05oz [Carton Inner])",[],True,False,True,True,Treats & Chews,3179.0,B0CTVGVN8M,2025-07-29,0.0,0.0,0.0,0.0,0.0
In Stock,ACTIVE,0.632,469.0,5.45,86.0,136.0,0.0,0.0,True,,4.2,332.0,5.48,,,359.0,Dole,,"B0CTVGVN8M (Dole: Dog Chews, Assorted (Strawberry + Pineapple), 7.05oz [Carton Inner])",[],True,False,True,True,Treats & Chews,3345.0,B0CTVGVN8M,2025-07-28,0.0,0.0,0.0,0.0,0.0
In Stock,ACTIVE,0.546,487.0,5.47,89.0,163.0,0.0,0.0,True,,4.2,329.0,5.48,,,367.0,Dole,,"B0CTVGVN8M (Dole: Dog Chews, Assorted (Strawberry + Pineapple), 7.05oz [Carton Inner])",[],True,True,True,True,Treats & Chews,2355.0,B0CTVGVN8M,2025-07-27,0.0,0.0,0.0,0.0,0.0
In Stock,ACTIVE,0.593,457.0,5.51,83.0,140.0,0.0,0.0,True,,4.2,327.0,5.48,,,450.0,Dole,,"B0CTVGVN8M (Dole: Dog Chews, Assorted (Strawberry + Pineapple), 7.05oz [Carton Inner])",[],True,True,True,True,Treats & Chews,2310.0,B0CTVGVN8M,2025-07-26,0.0,0.0,0.0,0.0,0.0
In Stock,ACTIVE,0.831,617.0,5.46,113.0,136.0,0.0,0.0,True,,4.2,323.0,5.48,,,492.0,Dole,,"B0CTVGVN8M (Dole: Dog Chews, Assorted (Strawberry + Pineapple), 7.05oz [Carton Inner])",[],True,True,True,True,Treats & Chews,2562.0,B0CTVGVN8M,2025-07-25,,,,,
In Stock,ACTIVE,0.565,421.0,5.4,78.0,138.0,0.0,0.0,True,,4.2,319.0,5.48,,,458.0,Dole,,"B0CTVGVN8M (Dole: Dog Chews, Assorted (Strawberry + Pineapple), 7.05oz [Carton Inner])",[],True,True,True,True,Treats & Chews,1635.0,B0CTVGVN8M,2025-07-24,,,,,
In Stock,ACTIVE,0.595,139.0,5.57,25.0,42.0,0.0,0.0,True,,4.2,319.0,5.48,,,428.0,Dole,,"B0CTVGVN8M (Dole: Dog Chews, Assorted (Strawberry + Pineapple), 7.05oz [Carton Inner])",[],True,True,True,True,Treats & Chews,1279.0,B0CTVGVN8M,2025-07-23,,,,,
In Stock,ACTIVE,0.531,141.0,5.44,26.0,49.0,0.0,0.0,True,,4.2,317.0,5.48,,,392.0,Dole,,"B0CTVGVN8M (Dole: Dog Chews, Assorted (Strawberry + Pineapple), 7.05oz [Carton Inner])",[],True,True,True,True,Treats & Chews,1192.0,B0CTVGVN8M,2025-07-22,,,,,
In Stock,ACTIVE,0.7559999999999999,170.0,5.49,31.0,41.0,0.0,0.0,True,,4.2,312.0,5.48,,,348.0,Dole,,"B0CTVGVN8M (Dole: Dog Chews, Assorted (Strawberry + Pineapple), 7.05oz [Carton Inner])",[],True,True,True,True,Treats & Chews,1095.0,B0CTVGVN8M,2025-07-21,,,,,
In Stock,ACTIVE,0.843,240.0,5.57,43.0,51.0,0.0,0.0,True,,4.2,308.0,5.48,,,339.0,Dole,,"B0CTVGVN8M (Dole: Dog Chews, Assorted (Strawberry + Pineapple), 7.05oz [Carton Inner])",[],True,True,True,True,Treats & Chews,1114.0,B0CTVGVN8M,2025-07-20,,,,,
In Stock,ACTIVE,0.509,326.0,5.63,58.0,114.0,0.0,0.0,True,,4.2,303.0,8.27,,,317.0,Dole,,"B0CTVGVN8M (Dole: Dog Chews, Assorted (Strawberry + Pineapple), 7.05oz [Carton Inner])",[],True,True,True,True,Treats & Chews,873.0,B0CTVGVN8M,2025-07-19,0.0,0.0,0.0,0.0,0.0
In Stock,ACTIVE,0.441,433.0,8.32,52.0,118.0,0.0,0.0,True,,4.2,301.0,8.29,,,288.0,Dole,,"B0CTVGVN8M (Dole: Dog Chews, Assorted (Strawberry + Pineapple), 7.05oz [Carton Inner])",[],True,True,True,True,Treats & Chews,956.0,B0CTVGVN8M,2025-07-18,0.0,0.0,0.0,0.0,0.0
